# =============================================================================
# AEGIS-Cloud — Compliance Audit Trail
# =============================================================================
# File:     mlops/compliance/audit_trail.log
# Format:   NATO-Style Incident Report (structured log)
#
# PURPOSE
# -------
# Immutable, append-only log of all high-risk AI decisions, self-healing
# commands, and Human-in-the-Loop (HITL) approvals/rejections.
#
# This file is the primary artefact for EU AI Act Article 12 (Record-
# Keeping) compliance audits.  Every entry must contain:
#
#   Timestamp (ISO-8601) | Event_Type | Correlation_ID |
#   Classification | Confidence | XAI_Evidence_Ref |
#   Human_Decision | Justification | Lat/Long
#
# EVENT TYPES
# -----------
#   DETECTION       — New target detected by Edge Vision Node
#   CLASSIFICATION  — Threat classification issued by Cloud Evaluator
#   SELF_HEALING    — Motor-speed command issued by Self-Healing Service
#   HITL_APPROVAL   — Human operator approved a Hostile classification
#   HITL_REJECTION  — Human operator rejected a Hostile classification
#   MODEL_UPDATE    — New model version deployed (YOLO or VANGUARD)
#   SYSTEM_ANOMALY  — AIOps health alert triggered
#
# RETENTION POLICY
# ----------------
# Entries must be retained for a minimum of 10 years per EU AI Act
# Article 12 requirements for high-risk AI systems.
#
# --- Log entries below this line ---
2026-03-14T20:30:12.569139+00:00 | PENDING_APPROVAL | vibration_anomaly | cmd_id=cmd-8cba18c7 | value=3.8 | corrective_rpm=5064 | human_decision=AWAITING
2026-03-14T20:47:19.629401+00:00 | PENDING_APPROVAL | vibration_anomaly | cmd_id=cmd-155be220 | value=3.8 | corrective_rpm=5064 | human_decision=AWAITING
2026-03-14T20:47:19.629672+00:00 | XAI_EVIDENCE | Hostile | conf=0.89 | compliant=True | shap=stub | grad_cam=stub | audit_hash=65f7eb16bc453ad1... | human_decision=APPROVED
2026-03-15T01:07:56.208741+00:00 | PENDING_APPROVAL | vibration_anomaly | cmd_id=cmd-b745531f | value=3.8 | corrective_rpm=5064 | human_decision=AWAITING
2026-03-15T01:07:56.209046+00:00 | XAI_EVIDENCE | Hostile | conf=0.89 | compliant=True | shap=stub | grad_cam=stub | audit_hash=635e20d368fe2c8b... | human_decision=APPROVED
